******************************************************************************
                  TI ARM Linker PC v18.1.4                     
******************************************************************************
>> Linked Sun Jan 13 15:51:36 2019

OUTPUT FILE NAME:   <i2c_master_rw_repeated_start-master_code_MSP_EXP432P401R_nortos_ccs.out>
ENTRY POINT SYMBOL: "_c_int00_noargs"  address: 00000419


MEMORY CONFIGURATION

         name            origin    length      used     unused   attr    fill
----------------------  --------  ---------  --------  --------  ----  --------
  MAIN                  00000000   00040000  0000049f  0003fb61  R  X
  INFO                  00200000   00004000  00000000  00004000  R  X
  SRAM_CODE             01000000   00010000  00000211  0000fdef  RW X
  SRAM_DATA             20000000   00010000  00000211  0000fdef  RW  


SEGMENT ALLOCATION MAP

run origin  load origin   length   init length attrs members
----------  ----------- ---------- ----------- ----- -------
00000000    00000000    000004a4   000004a4    r-x
  00000000    00000000    000000e4   000000e4    r-- .intvecs
  000000e4    000000e4    00000392   00000392    r-x .text
  00000478    00000478    00000015   00000015    r-- .const
  00000490    00000490    00000014   00000014    r-- .cinit
20000000    20000000    00000011   00000000    rw-
  20000000    20000000    00000011   00000000    rw- .bss
2000fe00    2000fe00    00000200   00000000    rw-
  2000fe00    2000fe00    00000200   00000000    rw- .stack


SECTION ALLOCATION MAP

 output                                  attributes/
section   page    origin      length       input sections
--------  ----  ----------  ----------   ----------------
.intvecs   0    00000000    000000e4     
                  00000000    000000e4     startup_msp432p401r_ccs.obj (.intvecs:retain)

.text      0    000000e4    00000392     
                  000000e4    000000d8     i2c_master_rw_repeated_start-master_code.obj (.text:main)
                  000001bc    000000bc     i2c_master_rw_repeated_start-master_code.obj (.text:EUSCIB0_IRQHandler)
                  00000278    0000007a     rtsv7M4_T_le_v4SPD16_eabi.lib : memset_t2.asm.obj (.text)
                  000002f2    00000002     startup_msp432p401r_ccs.obj (.text:Default_Handler)
                  000002f4    00000078     system_msp432p401r.obj (.text:SystemInit)
                  0000036c    00000068     msp432p4xx_driverlib.lib : i2c.o (.text:I2C_masterSendMultiByteStart)
                  000003d4    00000044     rtsv7M4_T_le_v4SPD16_eabi.lib : autoinit.c.obj (.text:__TI_auto_init_nobinit_nopinit:__TI_auto_init_nobinit_nopinit)
                  00000418    00000038                                   : boot_cortex_m.c.obj (.text:_c_int00_noargs:_c_int00_noargs)
                  00000450    00000012                                   : copy_zero_init.c.obj (.text:decompress:ZI:__TI_zero_init_nomemset:__TI_zero_init_nomemset)
                  00000462    0000000c     startup_msp432p401r_ccs.obj (.text:Reset_Handler)
                  0000046e    00000004     rtsv7M4_T_le_v4SPD16_eabi.lib : pre_init.c.obj (.text:_system_pre_init)
                  00000472    00000004                                   : exit.c.obj (.text:abort:abort)

.const     0    00000478    00000015     
                  00000478    00000014     i2c_master_rw_repeated_start-master_code.obj (.const:i2cConfig)
                  0000048c    00000001     i2c_master_rw_repeated_start-master_code.obj (.const:.string:TXData)

.cinit     0    00000490    00000014     
                  00000490    00000008     (.cinit..bss.load) [load image, compression = zero_init]
                  00000498    00000004     (__TI_handler_table)
                  0000049c    00000008     (__TI_cinit_table)

.init_array 
*          0    00000000    00000000     UNINITIALIZED

.binit     0    00000000    00000000     

.bss       0    20000000    00000011     UNINITIALIZED
                  20000000    0000000c     i2c_master_rw_repeated_start-master_code.obj (.bss:RXData)
                  2000000c    00000005     i2c_master_rw_repeated_start-master_code.obj (.bss)

.stack     0    2000fe00    00000200     UNINITIALIZED
                  2000fe00    00000004     rtsv7M4_T_le_v4SPD16_eabi.lib : boot_cortex_m.c.obj (.stack)
                  2000fe04    000001fc     --HOLE--

MODULE SUMMARY

       Module                                         code   ro data   rw data
       ------                                         ----   -------   -------
    .\
       i2c_master_rw_repeated_start-master_code.obj   404    21        34     
       system_msp432p401r.obj                         120    0         0      
    +--+----------------------------------------------+------+---------+---------+
       Total:                                         524    21        34     
                                                                              
    .\ccs\
       startup_msp432p401r_ccs.obj                    14     228       0      
    +--+----------------------------------------------+------+---------+---------+
       Total:                                         14     228       0      
                                                                              
    C:/ti/simplelink_msp432p4_sdk_2_30_00_14/source/ti/devices/msp432p4xx/driverlib/ccs/msp432p4xx_driverlib.lib
       i2c.o                                          104    0         0      
    +--+----------------------------------------------+------+---------+---------+
       Total:                                         104    0         0      
                                                                              
    C:\ti\ccsv8\tools\compiler\ti-cgt-arm_18.1.4.LTS\lib\rtsv7M4_T_le_v4SPD16_eabi.lib
       memset_t2.asm.obj                              122    0         0      
       autoinit.c.obj                                 68     0         0      
       boot_cortex_m.c.obj                            56     0         0      
       copy_zero_init.c.obj                           18     0         0      
       exit.c.obj                                     4      0         0      
       pre_init.c.obj                                 4      0         0      
    +--+----------------------------------------------+------+---------+---------+
       Total:                                         272    0         0      
                                                                              
       Stack:                                         0      0         1024   
       Linker Generated:                              0      20        0      
    +--+----------------------------------------------+------+---------+---------+
       Grand Total:                                   914    269       1058   


LINKER GENERATED COPY TABLES

__TI_cinit_table @ 0000049c records: 1, size/record: 8, table size: 8
	.bss: load addr=00000490, load size=00000008 bytes, run addr=20000000, run size=00000011 bytes, compression=zero_init


LINKER GENERATED HANDLER TABLE

__TI_handler_table @ 00000498 records: 1, size/record: 4, table size: 4
	index: 0, handler: __TI_zero_init


GLOBAL SYMBOLS: SORTED ALPHABETICALLY BY Name 

address   name                          
-------   ----                          
000002f3  ADC14_IRQHandler              
000002f3  AES256_IRQHandler             
000002f3  BusFault_Handler              
00000473  C$$EXIT                       
000002f3  COMP_E0_IRQHandler            
000002f3  COMP_E1_IRQHandler            
000002f3  CS_IRQHandler                 
000002f3  DMA_ERR_IRQHandler            
000002f3  DMA_INT0_IRQHandler           
000002f3  DMA_INT1_IRQHandler           
000002f3  DMA_INT2_IRQHandler           
000002f3  DMA_INT3_IRQHandler           
000002f3  DebugMon_Handler              
000002f3  Default_Handler               
000002f3  EUSCIA0_IRQHandler            
000002f3  EUSCIA1_IRQHandler            
000002f3  EUSCIA2_IRQHandler            
000002f3  EUSCIA3_IRQHandler            
000001bd  EUSCIB0_IRQHandler            
000001bd  EUSCIB0_IRQHandler            
000002f3  EUSCIB1_IRQHandler            
000002f3  EUSCIB2_IRQHandler            
000002f3  EUSCIB3_IRQHandler            
000002f3  FLCTL_IRQHandler              
000002f3  FPU_IRQHandler                
000002f3  HardFault_Handler             
0000036d  I2C_masterSendMultiByteStart  
000002f3  MemManage_Handler             
000002f3  NMI_Handler                   
000002f3  PCM_IRQHandler                
000002f3  PORT1_IRQHandler              
000002f3  PORT2_IRQHandler              
000002f3  PORT3_IRQHandler              
000002f3  PORT4_IRQHandler              
000002f3  PORT5_IRQHandler              
000002f3  PORT6_IRQHandler              
000002f3  PSS_IRQHandler                
000002f3  PendSV_Handler                
000002f3  RTC_C_IRQHandler              
00000463  Reset_Handler                 
000002f3  SVC_Handler                   
000002f3  SysTick_Handler               
000002f5  SystemInit                    
000002f3  T32_INT1_IRQHandler           
000002f3  T32_INT2_IRQHandler           
000002f3  T32_INTC_IRQHandler           
000002f3  TA0_0_IRQHandler              
000002f3  TA0_N_IRQHandler              
000002f3  TA1_0_IRQHandler              
000002f3  TA1_N_IRQHandler              
000002f3  TA2_0_IRQHandler              
000002f3  TA2_N_IRQHandler              
000002f3  TA3_0_IRQHandler              
000002f3  TA3_N_IRQHandler              
0000048c  TXData                        
000002f3  UsageFault_Handler            
4000480c  WDTCTL_SYM                    
000002f3  WDT_A_IRQHandler              
20010000  __STACK_END                   
00000200  __STACK_SIZE                  
0000049c  __TI_CINIT_Base               
000004a4  __TI_CINIT_Limit              
00000498  __TI_Handler_Table_Base       
0000049c  __TI_Handler_Table_Limit      
000003d5  __TI_auto_init_nobinit_nopinit
ffffffff  __TI_pprof_out_hndl           
ffffffff  __TI_prof_data_size           
ffffffff  __TI_prof_data_start          
00000000  __TI_static_base__            
00000451  __TI_zero_init_nomemset       
00000279  __aeabi_memclr                
00000279  __aeabi_memclr4               
00000279  __aeabi_memclr8               
0000027b  __aeabi_memset                
0000027b  __aeabi_memset4               
0000027b  __aeabi_memset8               
ffffffff  __binit__                     
ffffffff  __c_args__                    
UNDEFED   __mpu_init                    
2000fe00  __stack                       
00000419  _c_int00_noargs               
UNDEFED   _system_post_cinit            
0000046f  _system_pre_init              
00000473  abort                         
ffffffff  binit                         
00000478  i2cConfig                     
00000000  interruptVectors              
000000e5  main                          
00000281  memset                        


GLOBAL SYMBOLS: SORTED BY Symbol Address 

address   name                          
-------   ----                          
00000000  __TI_static_base__            
00000000  interruptVectors              
000000e5  main                          
000001bd  EUSCIB0_IRQHandler            
000001bd  EUSCIB0_IRQHandler            
00000200  __STACK_SIZE                  
00000279  __aeabi_memclr                
00000279  __aeabi_memclr4               
00000279  __aeabi_memclr8               
0000027b  __aeabi_memset                
0000027b  __aeabi_memset4               
0000027b  __aeabi_memset8               
00000281  memset                        
000002f3  ADC14_IRQHandler              
000002f3  AES256_IRQHandler             
000002f3  BusFault_Handler              
000002f3  COMP_E0_IRQHandler            
000002f3  COMP_E1_IRQHandler            
000002f3  CS_IRQHandler                 
000002f3  DMA_ERR_IRQHandler            
000002f3  DMA_INT0_IRQHandler           
000002f3  DMA_INT1_IRQHandler           
000002f3  DMA_INT2_IRQHandler           
000002f3  DMA_INT3_IRQHandler           
000002f3  DebugMon_Handler              
000002f3  Default_Handler               
000002f3  EUSCIA0_IRQHandler            
000002f3  EUSCIA1_IRQHandler            
000002f3  EUSCIA2_IRQHandler            
000002f3  EUSCIA3_IRQHandler            
000002f3  EUSCIB1_IRQHandler            
000002f3  EUSCIB2_IRQHandler            
000002f3  EUSCIB3_IRQHandler            
000002f3  FLCTL_IRQHandler              
000002f3  FPU_IRQHandler                
000002f3  HardFault_Handler             
000002f3  MemManage_Handler             
000002f3  NMI_Handler                   
000002f3  PCM_IRQHandler                
000002f3  PORT1_IRQHandler              
000002f3  PORT2_IRQHandler              
000002f3  PORT3_IRQHandler              
000002f3  PORT4_IRQHandler              
000002f3  PORT5_IRQHandler              
000002f3  PORT6_IRQHandler              
000002f3  PSS_IRQHandler                
000002f3  PendSV_Handler                
000002f3  RTC_C_IRQHandler              
000002f3  SVC_Handler                   
000002f3  SysTick_Handler               
000002f3  T32_INT1_IRQHandler           
000002f3  T32_INT2_IRQHandler           
000002f3  T32_INTC_IRQHandler           
000002f3  TA0_0_IRQHandler              
000002f3  TA0_N_IRQHandler              
000002f3  TA1_0_IRQHandler              
000002f3  TA1_N_IRQHandler              
000002f3  TA2_0_IRQHandler              
000002f3  TA2_N_IRQHandler              
000002f3  TA3_0_IRQHandler              
000002f3  TA3_N_IRQHandler              
000002f3  UsageFault_Handler            
000002f3  WDT_A_IRQHandler              
000002f5  SystemInit                    
0000036d  I2C_masterSendMultiByteStart  
000003d5  __TI_auto_init_nobinit_nopinit
00000419  _c_int00_noargs               
00000451  __TI_zero_init_nomemset       
00000463  Reset_Handler                 
0000046f  _system_pre_init              
00000473  C$$EXIT                       
00000473  abort                         
00000478  i2cConfig                     
0000048c  TXData                        
00000498  __TI_Handler_Table_Base       
0000049c  __TI_CINIT_Base               
0000049c  __TI_Handler_Table_Limit      
000004a4  __TI_CINIT_Limit              
2000fe00  __stack                       
20010000  __STACK_END                   
4000480c  WDTCTL_SYM                    
ffffffff  __TI_pprof_out_hndl           
ffffffff  __TI_prof_data_size           
ffffffff  __TI_prof_data_start          
ffffffff  __binit__                     
ffffffff  __c_args__                    
ffffffff  binit                         
UNDEFED   __mpu_init                    
UNDEFED   _system_post_cinit            

[89 symbols]
