******************************************************************************
                  TI ARM Linker PC v18.1.4                     
******************************************************************************
>> Linked Sun Jan 20 09:08:04 2019

OUTPUT FILE NAME:   <msp432p401x_euscib0_i2c_10_MSP_EXP432P401R_nortos_ccs.out>
ENTRY POINT SYMBOL: "_c_int00_noargs"  address: 00000419


MEMORY CONFIGURATION

         name            origin    length      used     unused   attr    fill
----------------------  --------  ---------  --------  --------  ----  --------
  MAIN                  00000000   00040000  000004b6  0003fb4a  R  X
  INFO                  00200000   00004000  00000000  00004000  R  X
  SRAM_CODE             01000000   00010000  00000206  0000fdfa  RW X
  SRAM_DATA             20000000   00010000  00000206  0000fdfa  RW  


SEGMENT ALLOCATION MAP

run origin  load origin   length   init length attrs members
----------  ----------- ---------- ----------- ----- -------
00000000    00000000    000004b8   000004b8    r-x
  00000000    00000000    000000e4   000000e4    r-- .intvecs
  000000e4    000000e4    000003a2   000003a2    r-x .text
  00000488    00000488    00000030   00000030    r-- .cinit
20000000    20000000    00000006   00000000    rw-
  20000000    20000000    00000005   00000000    rw- .data
  20000005    20000005    00000001   00000000    rw- .bss
2000fe00    2000fe00    00000200   00000000    rw-
  2000fe00    2000fe00    00000200   00000000    rw- .stack


SECTION ALLOCATION MAP

 output                                  attributes/
section   page    origin      length       input sections
--------  ----  ----------  ----------   ----------------
.intvecs   0    00000000    000000e4     
                  00000000    000000e4     startup_msp432p401r_ccs.obj (.intvecs:retain)

.text      0    000000e4    000003a2     
                  000000e4    000000ec     msp432p401x_euscib0_i2c_10.obj (.text:main)
                  000001d0    0000009c     rtsv7M4_T_le_v4SPD16_eabi.lib : memcpy_t2.asm.obj (.text)
                  0000026c    00000088     msp432p401x_euscib0_i2c_10.obj (.text:EUSCIB0_IRQHandler)
                  000002f4    00000078     system_msp432p401r.obj (.text:SystemInit)
                  0000036c    00000068     rtsv7M4_T_le_v4SPD16_eabi.lib : copy_decompress_lzss.c.obj (.text:decompress:lzss:__TI_decompress_lzss)
                  000003d4    00000044                                   : autoinit.c.obj (.text:__TI_auto_init_nobinit_nopinit:__TI_auto_init_nobinit_nopinit)
                  00000418    00000038                                   : boot_cortex_m.c.obj (.text:_c_int00_noargs:_c_int00_noargs)
                  00000450    00000012                                   : copy_zero_init.c.obj (.text:decompress:ZI:__TI_zero_init_nomemset:__TI_zero_init_nomemset)
                  00000462    0000000e                                   : copy_decompress_none.c.obj (.text:decompress:none:__TI_decompress_none)
                  00000470    0000000c     startup_msp432p401r_ccs.obj (.text:Reset_Handler)
                  0000047c    00000004     rtsv7M4_T_le_v4SPD16_eabi.lib : pre_init.c.obj (.text:_system_pre_init)
                  00000480    00000004                                   : exit.c.obj (.text:abort:abort)
                  00000484    00000002     startup_msp432p401r_ccs.obj (.text:Default_Handler)

.cinit     0    00000488    00000030     
                  00000488    0000000c     (__TI_handler_table)
                  00000494    00000004     --HOLE-- [fill = 0]
                  00000498    00000008     (.cinit..bss.load) [load image, compression = zero_init]
                  000004a0    00000007     (.cinit..data.load) [load image, compression = lzss]
                  000004a7    00000001     --HOLE-- [fill = 0]
                  000004a8    00000010     (__TI_cinit_table)

.init_array 
*          0    00000000    00000000     UNINITIALIZED

.binit     0    00000000    00000000     

.data      0    20000000    00000005     UNINITIALIZED
                  20000000    00000005     msp432p401x_euscib0_i2c_10.obj (.data:RXData)

.bss       0    20000005    00000001     UNINITIALIZED
                  20000005    00000001     (.common:RXDataPointer)

.stack     0    2000fe00    00000200     UNINITIALIZED
                  2000fe00    00000004     rtsv7M4_T_le_v4SPD16_eabi.lib : boot_cortex_m.c.obj (.stack)
                  2000fe04    000001fc     --HOLE--

MODULE SUMMARY

       Module                           code   ro data   rw data
       ------                           ----   -------   -------
    .\
       msp432p401x_euscib0_i2c_10.obj   372    0         12     
       system_msp432p401r.obj           120    0         0      
    +--+--------------------------------+------+---------+---------+
       Total:                           492    0         12     
                                                                
    .\ccs\
       startup_msp432p401r_ccs.obj      14     228       0      
    +--+--------------------------------+------+---------+---------+
       Total:                           14     228       0      
                                                                
    C:\ti\ccsv8\tools\compiler\ti-cgt-arm_18.1.4.LTS\lib\rtsv7M4_T_le_v4SPD16_eabi.lib
       memcpy_t2.asm.obj                156    0         0      
       copy_decompress_lzss.c.obj       104    0         0      
       autoinit.c.obj                   68     0         0      
       boot_cortex_m.c.obj              56     0         0      
       copy_zero_init.c.obj             18     0         0      
       copy_decompress_none.c.obj       14     0         0      
       exit.c.obj                       4      0         0      
       pre_init.c.obj                   4      0         0      
    +--+--------------------------------+------+---------+---------+
       Total:                           424    0         0      
                                                                
       Stack:                           0      0         1024   
       Linker Generated:                0      43        0      
    +--+--------------------------------+------+---------+---------+
       Grand Total:                     930    271       1036   


LINKER GENERATED COPY TABLES

__TI_cinit_table @ 000004a8 records: 2, size/record: 8, table size: 16
	.bss: load addr=00000498, load size=00000008 bytes, run addr=20000005, run size=00000001 bytes, compression=zero_init
	.data: load addr=000004a0, load size=00000007 bytes, run addr=20000000, run size=00000005 bytes, compression=lzss


LINKER GENERATED HANDLER TABLE

__TI_handler_table @ 00000488 records: 3, size/record: 4, table size: 12
	index: 0, handler: __TI_decompress_lzss
	index: 1, handler: __TI_decompress_none
	index: 2, handler: __TI_zero_init


GLOBAL SYMBOLS: SORTED ALPHABETICALLY BY Name 

address   name                          
-------   ----                          
00000485  ADC14_IRQHandler              
00000485  AES256_IRQHandler             
00000485  BusFault_Handler              
00000481  C$$EXIT                       
00000485  COMP_E0_IRQHandler            
00000485  COMP_E1_IRQHandler            
00000485  CS_IRQHandler                 
00000485  DMA_ERR_IRQHandler            
00000485  DMA_INT0_IRQHandler           
00000485  DMA_INT1_IRQHandler           
00000485  DMA_INT2_IRQHandler           
00000485  DMA_INT3_IRQHandler           
00000485  DebugMon_Handler              
00000485  Default_Handler               
00000485  EUSCIA0_IRQHandler            
00000485  EUSCIA1_IRQHandler            
00000485  EUSCIA2_IRQHandler            
00000485  EUSCIA3_IRQHandler            
0000026d  EUSCIB0_IRQHandler            
0000026d  EUSCIB0_IRQHandler            
00000485  EUSCIB1_IRQHandler            
00000485  EUSCIB2_IRQHandler            
00000485  EUSCIB3_IRQHandler            
00000485  FLCTL_IRQHandler              
00000485  FPU_IRQHandler                
00000485  HardFault_Handler             
00000485  MemManage_Handler             
00000485  NMI_Handler                   
00000485  PCM_IRQHandler                
00000485  PORT1_IRQHandler              
00000485  PORT2_IRQHandler              
00000485  PORT3_IRQHandler              
00000485  PORT4_IRQHandler              
00000485  PORT5_IRQHandler              
00000485  PORT6_IRQHandler              
00000485  PSS_IRQHandler                
00000485  PendSV_Handler                
00000485  RTC_C_IRQHandler              
20000000  RXData                        
20000005  RXDataPointer                 
00000471  Reset_Handler                 
00000485  SVC_Handler                   
00000485  SysTick_Handler               
000002f5  SystemInit                    
00000485  T32_INT1_IRQHandler           
00000485  T32_INT2_IRQHandler           
00000485  T32_INTC_IRQHandler           
00000485  TA0_0_IRQHandler              
00000485  TA0_N_IRQHandler              
00000485  TA1_0_IRQHandler              
00000485  TA1_N_IRQHandler              
00000485  TA2_0_IRQHandler              
00000485  TA2_N_IRQHandler              
00000485  TA3_0_IRQHandler              
00000485  TA3_N_IRQHandler              
00000485  UsageFault_Handler            
4000480c  WDTCTL_SYM                    
00000485  WDT_A_IRQHandler              
20010000  __STACK_END                   
00000200  __STACK_SIZE                  
000004a8  __TI_CINIT_Base               
000004b8  __TI_CINIT_Limit              
00000488  __TI_Handler_Table_Base       
00000494  __TI_Handler_Table_Limit      
000003d5  __TI_auto_init_nobinit_nopinit
0000036d  __TI_decompress_lzss          
00000463  __TI_decompress_none          
ffffffff  __TI_pprof_out_hndl           
ffffffff  __TI_prof_data_size           
ffffffff  __TI_prof_data_start          
00000000  __TI_static_base__            
00000451  __TI_zero_init_nomemset       
000001d1  __aeabi_memcpy                
000001d1  __aeabi_memcpy4               
000001d1  __aeabi_memcpy8               
ffffffff  __binit__                     
ffffffff  __c_args__                    
UNDEFED   __mpu_init                    
2000fe00  __stack                       
00000419  _c_int00_noargs               
UNDEFED   _system_post_cinit            
0000047d  _system_pre_init              
00000481  abort                         
ffffffff  binit                         
00000000  interruptVectors              
000000e5  main                          
000001d1  memcpy                        


GLOBAL SYMBOLS: SORTED BY Symbol Address 

address   name                          
-------   ----                          
00000000  __TI_static_base__            
00000000  interruptVectors              
000000e5  main                          
000001d1  __aeabi_memcpy                
000001d1  __aeabi_memcpy4               
000001d1  __aeabi_memcpy8               
000001d1  memcpy                        
00000200  __STACK_SIZE                  
0000026d  EUSCIB0_IRQHandler            
0000026d  EUSCIB0_IRQHandler            
000002f5  SystemInit                    
0000036d  __TI_decompress_lzss          
000003d5  __TI_auto_init_nobinit_nopinit
00000419  _c_int00_noargs               
00000451  __TI_zero_init_nomemset       
00000463  __TI_decompress_none          
00000471  Reset_Handler                 
0000047d  _system_pre_init              
00000481  C$$EXIT                       
00000481  abort                         
00000485  ADC14_IRQHandler              
00000485  AES256_IRQHandler             
00000485  BusFault_Handler              
00000485  COMP_E0_IRQHandler            
00000485  COMP_E1_IRQHandler            
00000485  CS_IRQHandler                 
00000485  DMA_ERR_IRQHandler            
00000485  DMA_INT0_IRQHandler           
00000485  DMA_INT1_IRQHandler           
00000485  DMA_INT2_IRQHandler           
00000485  DMA_INT3_IRQHandler           
00000485  DebugMon_Handler              
00000485  Default_Handler               
00000485  EUSCIA0_IRQHandler            
00000485  EUSCIA1_IRQHandler            
00000485  EUSCIA2_IRQHandler            
00000485  EUSCIA3_IRQHandler            
00000485  EUSCIB1_IRQHandler            
00000485  EUSCIB2_IRQHandler            
00000485  EUSCIB3_IRQHandler            
00000485  FLCTL_IRQHandler              
00000485  FPU_IRQHandler                
00000485  HardFault_Handler             
00000485  MemManage_Handler             
00000485  NMI_Handler                   
00000485  PCM_IRQHandler                
00000485  PORT1_IRQHandler              
00000485  PORT2_IRQHandler              
00000485  PORT3_IRQHandler              
00000485  PORT4_IRQHandler              
00000485  PORT5_IRQHandler              
00000485  PORT6_IRQHandler              
00000485  PSS_IRQHandler                
00000485  PendSV_Handler                
00000485  RTC_C_IRQHandler              
00000485  SVC_Handler                   
00000485  SysTick_Handler               
00000485  T32_INT1_IRQHandler           
00000485  T32_INT2_IRQHandler           
00000485  T32_INTC_IRQHandler           
00000485  TA0_0_IRQHandler              
00000485  TA0_N_IRQHandler              
00000485  TA1_0_IRQHandler              
00000485  TA1_N_IRQHandler              
00000485  TA2_0_IRQHandler              
00000485  TA2_N_IRQHandler              
00000485  TA3_0_IRQHandler              
00000485  TA3_N_IRQHandler              
00000485  UsageFault_Handler            
00000485  WDT_A_IRQHandler              
00000488  __TI_Handler_Table_Base       
00000494  __TI_Handler_Table_Limit      
000004a8  __TI_CINIT_Base               
000004b8  __TI_CINIT_Limit              
20000000  RXData                        
20000005  RXDataPointer                 
2000fe00  __stack                       
20010000  __STACK_END                   
4000480c  WDTCTL_SYM                    
ffffffff  __TI_pprof_out_hndl           
ffffffff  __TI_prof_data_size           
ffffffff  __TI_prof_data_start          
ffffffff  __binit__                     
ffffffff  __c_args__                    
ffffffff  binit                         
UNDEFED   __mpu_init                    
UNDEFED   _system_post_cinit            

[87 symbols]
