******************************************************************************
                  TI ARM Linker PC v18.1.4                     
******************************************************************************
>> Linked Sat Jan  5 23:42:19 2019

OUTPUT FILE NAME:   <cs_clock_source_init_MSP_EXP432P401R_nortos_ccs.out>
ENTRY POINT SYMBOL: "_c_int00_noargs"  address: 000005bd


MEMORY CONFIGURATION

         name            origin    length      used     unused   attr    fill
----------------------  --------  ---------  --------  --------  ----  --------
  MAIN                  00000000   00040000  0000071e  0003f8e2  R  X
  INFO                  00200000   00004000  00000000  00004000  R  X
  SRAM_CODE             01000000   00010000  0000021c  0000fde4  RW X
  SRAM_DATA             20000000   00010000  0000021c  0000fde4  RW  


SEGMENT ALLOCATION MAP

run origin  load origin   length   init length attrs members
----------  ----------- ---------- ----------- ----- -------
00000000    00000000    00000724   00000724    r-x
  00000000    00000000    000000e4   000000e4    r-- .intvecs
  000000e4    000000e4    00000626   00000626    r-x .text
  00000710    00000710    00000014   00000014    r-- .cinit
20000000    20000000    0000001c   00000000    rw-
  20000000    20000000    0000001c   00000000    rw- .bss
2000fe00    2000fe00    00000200   00000000    rw-
  2000fe00    2000fe00    00000200   00000000    rw- .stack


SECTION ALLOCATION MAP

 output                                  attributes/
section   page    origin      length       input sections
--------  ----  ----------  ----------   ----------------
.intvecs   0    00000000    000000e4     
                  00000000    000000e4     startup_msp432p401r_ccs.obj (.intvecs:retain)

.text      0    000000e4    00000626     
                  000000e4    00000104     msp432p4xx_driverlib.lib : cs.o (.text:_CSComputeCLKFrequency)
                  000001e8    000000f8                              : cs.o (.text:CS_getDCOFrequency)
                  000002e0    000000ac     cs_clock_source_init.obj (.text:main)
                  0000038c    00000094     msp432p4xx_driverlib.lib : sysctl_a.o (.text:SysCtl_A_getTLVInfo)
                  00000420    0000007c                              : cs.o (.text:_CSGetDOCFrequency)
                  0000049c    00000078     system_msp432p401r.obj (.text:SystemInit)
                  00000514    00000062     msp432p4xx_driverlib.lib : cs.o (.text:_CSGetDividerValue)
                  00000576    00000002     startup_msp432p401r_ccs.obj (.text:Default_Handler)
                  00000578    00000044     rtsv7M4_T_le_v4SPD16_eabi.lib : autoinit.c.obj (.text:__TI_auto_init_nobinit_nopinit:__TI_auto_init_nobinit_nopinit)
                  000005bc    00000038                                   : boot_cortex_m.c.obj (.text:_c_int00_noargs:_c_int00_noargs)
                  000005f4    00000030     msp432p4xx_driverlib.lib : cs.o (.text:CS_clearInterruptFlag)
                  00000624    00000028                              : cs.o (.text:CS_getACLK)
                  0000064c    00000028                              : cs.o (.text:CS_getHSMCLK)
                  00000674    00000028                              : cs.o (.text:CS_getMCLK)
                  0000069c    00000028                              : cs.o (.text:CS_getSMCLK)
                  000006c4    00000020                              : cs.o (.text:CS_getBCLK)
                  000006e4    00000012     rtsv7M4_T_le_v4SPD16_eabi.lib : copy_zero_init.c.obj (.text:decompress:ZI:__TI_zero_init_nomemset:__TI_zero_init_nomemset)
                  000006f6    0000000c     startup_msp432p401r_ccs.obj (.text:Reset_Handler)
                  00000702    00000004     rtsv7M4_T_le_v4SPD16_eabi.lib : pre_init.c.obj (.text:_system_pre_init)
                  00000706    00000004                                   : exit.c.obj (.text:abort:abort)

.cinit     0    00000710    00000014     
                  00000710    00000008     (.cinit..bss.load) [load image, compression = zero_init]
                  00000718    00000004     (__TI_handler_table)
                  0000071c    00000008     (__TI_cinit_table)

.init_array 
*          0    00000000    00000000     UNINITIALIZED

.binit     0    00000000    00000000     

.bss       0    20000000    0000001c     UNINITIALIZED
                  20000000    00000014     cs_clock_source_init.obj (.bss)
                  20000014    00000008     msp432p4xx_driverlib.lib : cs.o (.bss)

.stack     0    2000fe00    00000200     UNINITIALIZED
                  2000fe00    00000004     rtsv7M4_T_le_v4SPD16_eabi.lib : boot_cortex_m.c.obj (.stack)
                  2000fe04    000001fc     --HOLE--

MODULE SUMMARY

       Module                        code   ro data   rw data
       ------                        ----   -------   -------
    .\
       cs_clock_source_init.obj      172    0         40     
       system_msp432p401r.obj        120    0         0      
    +--+-----------------------------+------+---------+---------+
       Total:                        292    0         40     
                                                             
    .\ccs\
       startup_msp432p401r_ccs.obj   14     228       0      
    +--+-----------------------------+------+---------+---------+
       Total:                        14     228       0      
                                                             
    C:/ti/simplelink_msp432p4_sdk_2_30_00_14/source/ti/devices/msp432p4xx/driverlib/ccs/msp432p4xx_driverlib.lib
       cs.o                          970    0         16     
       sysctl_a.o                    148    0         0      
    +--+-----------------------------+------+---------+---------+
       Total:                        1118   0         16     
                                                             
    C:\ti\ccsv8\tools\compiler\ti-cgt-arm_18.1.4.LTS\lib\rtsv7M4_T_le_v4SPD16_eabi.lib
       autoinit.c.obj                68     0         0      
       boot_cortex_m.c.obj           56     0         0      
       copy_zero_init.c.obj          18     0         0      
       exit.c.obj                    4      0         0      
       pre_init.c.obj                4      0         0      
    +--+-----------------------------+------+---------+---------+
       Total:                        150    0         0      
                                                             
       Stack:                        0      0         1024   
       Linker Generated:             0      20        0      
    +--+-----------------------------+------+---------+---------+
       Grand Total:                  1574   248       1080   


LINKER GENERATED COPY TABLES

__TI_cinit_table @ 0000071c records: 1, size/record: 8, table size: 8
	.bss: load addr=00000710, load size=00000008 bytes, run addr=20000000, run size=0000001c bytes, compression=zero_init


LINKER GENERATED HANDLER TABLE

__TI_handler_table @ 00000718 records: 1, size/record: 4, table size: 4
	index: 0, handler: __TI_zero_init


GLOBAL SYMBOLS: SORTED ALPHABETICALLY BY Name 

address   name                          
-------   ----                          
00000577  ADC14_IRQHandler              
00000577  AES256_IRQHandler             
00000577  BusFault_Handler              
00000707  C$$EXIT                       
00000577  COMP_E0_IRQHandler            
00000577  COMP_E1_IRQHandler            
00000577  CS_IRQHandler                 
000005f5  CS_clearInterruptFlag         
00000625  CS_getACLK                    
000006c5  CS_getBCLK                    
000001e9  CS_getDCOFrequency            
0000064d  CS_getHSMCLK                  
00000675  CS_getMCLK                    
0000069d  CS_getSMCLK                   
00000577  DMA_ERR_IRQHandler            
00000577  DMA_INT0_IRQHandler           
00000577  DMA_INT1_IRQHandler           
00000577  DMA_INT2_IRQHandler           
00000577  DMA_INT3_IRQHandler           
00000577  DebugMon_Handler              
00000577  Default_Handler               
00000577  EUSCIA0_IRQHandler            
00000577  EUSCIA1_IRQHandler            
00000577  EUSCIA2_IRQHandler            
00000577  EUSCIA3_IRQHandler            
00000577  EUSCIB0_IRQHandler            
00000577  EUSCIB1_IRQHandler            
00000577  EUSCIB2_IRQHandler            
00000577  EUSCIB3_IRQHandler            
00000577  FLCTL_IRQHandler              
00000577  FPU_IRQHandler                
00000577  HardFault_Handler             
00000577  MemManage_Handler             
00000577  NMI_Handler                   
00000577  PCM_IRQHandler                
00000577  PORT1_IRQHandler              
00000577  PORT2_IRQHandler              
00000577  PORT3_IRQHandler              
00000577  PORT4_IRQHandler              
00000577  PORT5_IRQHandler              
00000577  PORT6_IRQHandler              
00000577  PSS_IRQHandler                
00000577  PendSV_Handler                
00000577  RTC_C_IRQHandler              
000006f7  Reset_Handler                 
00000577  SVC_Handler                   
0000038d  SysCtl_A_getTLVInfo           
00000577  SysTick_Handler               
0000049d  SystemInit                    
00000577  T32_INT1_IRQHandler           
00000577  T32_INT2_IRQHandler           
00000577  T32_INTC_IRQHandler           
00000577  TA0_0_IRQHandler              
00000577  TA0_N_IRQHandler              
00000577  TA1_0_IRQHandler              
00000577  TA1_N_IRQHandler              
00000577  TA2_0_IRQHandler              
00000577  TA2_N_IRQHandler              
00000577  TA3_0_IRQHandler              
00000577  TA3_N_IRQHandler              
00000577  UsageFault_Handler            
4000480c  WDTCTL_SYM                    
00000577  WDT_A_IRQHandler              
20010000  __STACK_END                   
00000200  __STACK_SIZE                  
0000071c  __TI_CINIT_Base               
00000724  __TI_CINIT_Limit              
00000718  __TI_Handler_Table_Base       
0000071c  __TI_Handler_Table_Limit      
00000579  __TI_auto_init_nobinit_nopinit
ffffffff  __TI_pprof_out_hndl           
ffffffff  __TI_prof_data_size           
ffffffff  __TI_prof_data_start          
00000000  __TI_static_base__            
000006e5  __TI_zero_init_nomemset       
ffffffff  __binit__                     
ffffffff  __c_args__                    
UNDEFED   __mpu_init                    
2000fe00  __stack                       
000005bd  _c_int00_noargs               
UNDEFED   _system_post_cinit            
00000703  _system_pre_init              
00000707  abort                         
ffffffff  binit                         
00000000  interruptVectors              
000002e1  main                          


GLOBAL SYMBOLS: SORTED BY Symbol Address 

address   name                          
-------   ----                          
00000000  __TI_static_base__            
00000000  interruptVectors              
000001e9  CS_getDCOFrequency            
00000200  __STACK_SIZE                  
000002e1  main                          
0000038d  SysCtl_A_getTLVInfo           
0000049d  SystemInit                    
00000577  ADC14_IRQHandler              
00000577  AES256_IRQHandler             
00000577  BusFault_Handler              
00000577  COMP_E0_IRQHandler            
00000577  COMP_E1_IRQHandler            
00000577  CS_IRQHandler                 
00000577  DMA_ERR_IRQHandler            
00000577  DMA_INT0_IRQHandler           
00000577  DMA_INT1_IRQHandler           
00000577  DMA_INT2_IRQHandler           
00000577  DMA_INT3_IRQHandler           
00000577  DebugMon_Handler              
00000577  Default_Handler               
00000577  EUSCIA0_IRQHandler            
00000577  EUSCIA1_IRQHandler            
00000577  EUSCIA2_IRQHandler            
00000577  EUSCIA3_IRQHandler            
00000577  EUSCIB0_IRQHandler            
00000577  EUSCIB1_IRQHandler            
00000577  EUSCIB2_IRQHandler            
00000577  EUSCIB3_IRQHandler            
00000577  FLCTL_IRQHandler              
00000577  FPU_IRQHandler                
00000577  HardFault_Handler             
00000577  MemManage_Handler             
00000577  NMI_Handler                   
00000577  PCM_IRQHandler                
00000577  PORT1_IRQHandler              
00000577  PORT2_IRQHandler              
00000577  PORT3_IRQHandler              
00000577  PORT4_IRQHandler              
00000577  PORT5_IRQHandler              
00000577  PORT6_IRQHandler              
00000577  PSS_IRQHandler                
00000577  PendSV_Handler                
00000577  RTC_C_IRQHandler              
00000577  SVC_Handler                   
00000577  SysTick_Handler               
00000577  T32_INT1_IRQHandler           
00000577  T32_INT2_IRQHandler           
00000577  T32_INTC_IRQHandler           
00000577  TA0_0_IRQHandler              
00000577  TA0_N_IRQHandler              
00000577  TA1_0_IRQHandler              
00000577  TA1_N_IRQHandler              
00000577  TA2_0_IRQHandler              
00000577  TA2_N_IRQHandler              
00000577  TA3_0_IRQHandler              
00000577  TA3_N_IRQHandler              
00000577  UsageFault_Handler            
00000577  WDT_A_IRQHandler              
00000579  __TI_auto_init_nobinit_nopinit
000005bd  _c_int00_noargs               
000005f5  CS_clearInterruptFlag         
00000625  CS_getACLK                    
0000064d  CS_getHSMCLK                  
00000675  CS_getMCLK                    
0000069d  CS_getSMCLK                   
000006c5  CS_getBCLK                    
000006e5  __TI_zero_init_nomemset       
000006f7  Reset_Handler                 
00000703  _system_pre_init              
00000707  C$$EXIT                       
00000707  abort                         
00000718  __TI_Handler_Table_Base       
0000071c  __TI_CINIT_Base               
0000071c  __TI_Handler_Table_Limit      
00000724  __TI_CINIT_Limit              
2000fe00  __stack                       
20010000  __STACK_END                   
4000480c  WDTCTL_SYM                    
ffffffff  __TI_pprof_out_hndl           
ffffffff  __TI_prof_data_size           
ffffffff  __TI_prof_data_start          
ffffffff  __binit__                     
ffffffff  __c_args__                    
ffffffff  binit                         
UNDEFED   __mpu_init                    
UNDEFED   _system_post_cinit            

[86 symbols]
