******************************************************************************
                  TI ARM Linker PC v18.1.4                     
******************************************************************************
>> Linked Thu Jan 17 08:48:05 2019

OUTPUT FILE NAME:   <timer_a_pwm_mode_MSP_EXP432P401R_nortos_ccs.out>
ENTRY POINT SYMBOL: "_c_int00_noargs"  address: 000003d9


MEMORY CONFIGURATION

         name            origin    length      used     unused   attr    fill
----------------------  --------  ---------  --------  --------  ----  --------
  MAIN                  00000000   00040000  00000460  0003fba0  R  X
  INFO                  00200000   00004000  00000000  00004000  R  X
  SRAM_CODE             01000000   00010000  00000218  0000fde8  RW X
  SRAM_DATA             20000000   00010000  00000218  0000fde8  RW  


SEGMENT ALLOCATION MAP

run origin  load origin   length   init length attrs members
----------  ----------- ---------- ----------- ----- -------
00000000    00000000    00000464   00000464    r-x
  00000000    00000000    000000e4   000000e4    r-- .intvecs
  000000e4    000000e4    00000350   00000350    r-x .text
  00000438    00000438    0000002c   0000002c    r-- .cinit
20000000    20000000    00000018   00000000    rw-
  20000000    20000000    00000018   00000000    rw- .data
2000fe00    2000fe00    00000200   00000000    rw-
  2000fe00    2000fe00    00000200   00000000    rw- .stack


SECTION ALLOCATION MAP

 output                                  attributes/
section   page    origin      length       input sections
--------  ----  ----------  ----------   ----------------
.intvecs   0    00000000    000000e4     
                  00000000    000000e4     startup_msp432p401r_ccs.obj (.intvecs:retain)

.text      0    000000e4    00000350     
                  000000e4    000000d0     timer_a_pwm_mode.obj (.text:main)
                  000001b4    0000009c     rtsv7M4_T_le_v4SPD16_eabi.lib : memcpy_t2.asm.obj (.text)
                  00000250    00000078     system_msp432p401r.obj (.text:SystemInit)
                  000002c8    00000068     rtsv7M4_T_le_v4SPD16_eabi.lib : copy_decompress_lzss.c.obj (.text:decompress:lzss:__TI_decompress_lzss)
                  00000330    00000064     timer_a_pwm_mode.obj (.text:PORT1_IRQHandler)
                  00000394    00000044     rtsv7M4_T_le_v4SPD16_eabi.lib : autoinit.c.obj (.text:__TI_auto_init_nobinit_nopinit:__TI_auto_init_nobinit_nopinit)
                  000003d8    00000038                                   : boot_cortex_m.c.obj (.text:_c_int00_noargs:_c_int00_noargs)
                  00000410    0000000e                                   : copy_decompress_none.c.obj (.text:decompress:none:__TI_decompress_none)
                  0000041e    0000000c     startup_msp432p401r_ccs.obj (.text:Reset_Handler)
                  0000042a    00000004     rtsv7M4_T_le_v4SPD16_eabi.lib : pre_init.c.obj (.text:_system_pre_init)
                  0000042e    00000004                                   : exit.c.obj (.text:abort:abort)
                  00000432    00000002     startup_msp432p401r_ccs.obj (.text:Default_Handler)

.cinit     0    00000438    0000002c     
                  00000438    0000001b     (.cinit..data.load) [load image, compression = lzss]
                  00000453    00000001     --HOLE-- [fill = 0]
                  00000454    00000008     (__TI_handler_table)
                  0000045c    00000008     (__TI_cinit_table)

.init_array 
*          0    00000000    00000000     UNINITIALIZED

.binit     0    00000000    00000000     

.data      0    20000000    00000018     UNINITIALIZED
                  20000000    00000018     timer_a_pwm_mode.obj (.data:pwmConfig)

.stack     0    2000fe00    00000200     UNINITIALIZED
                  2000fe00    00000004     rtsv7M4_T_le_v4SPD16_eabi.lib : boot_cortex_m.c.obj (.stack)
                  2000fe04    000001fc     --HOLE--

MODULE SUMMARY

       Module                        code   ro data   rw data
       ------                        ----   -------   -------
    .\
       timer_a_pwm_mode.obj          308    0         48     
       system_msp432p401r.obj        120    0         0      
    +--+-----------------------------+------+---------+---------+
       Total:                        428    0         48     
                                                             
    .\ccs\
       startup_msp432p401r_ccs.obj   14     228       0      
    +--+-----------------------------+------+---------+---------+
       Total:                        14     228       0      
                                                             
    C:\ti\ccsv8\tools\compiler\ti-cgt-arm_18.1.4.LTS\lib\rtsv7M4_T_le_v4SPD16_eabi.lib
       memcpy_t2.asm.obj             156    0         0      
       copy_decompress_lzss.c.obj    104    0         0      
       autoinit.c.obj                68     0         0      
       boot_cortex_m.c.obj           56     0         0      
       copy_decompress_none.c.obj    14     0         0      
       exit.c.obj                    4      0         0      
       pre_init.c.obj                4      0         0      
    +--+-----------------------------+------+---------+---------+
       Total:                        406    0         0      
                                                             
       Stack:                        0      0         1024   
       Linker Generated:             0      43        0      
    +--+-----------------------------+------+---------+---------+
       Grand Total:                  848    271       1072   


LINKER GENERATED COPY TABLES

__TI_cinit_table @ 0000045c records: 1, size/record: 8, table size: 8
	.data: load addr=00000438, load size=0000001b bytes, run addr=20000000, run size=00000018 bytes, compression=lzss


LINKER GENERATED HANDLER TABLE

__TI_handler_table @ 00000454 records: 2, size/record: 4, table size: 8
	index: 0, handler: __TI_decompress_lzss
	index: 1, handler: __TI_decompress_none


GLOBAL SYMBOLS: SORTED ALPHABETICALLY BY Name 

address   name                          
-------   ----                          
00000433  ADC14_IRQHandler              
00000433  AES256_IRQHandler             
00000433  BusFault_Handler              
0000042f  C$$EXIT                       
00000433  COMP_E0_IRQHandler            
00000433  COMP_E1_IRQHandler            
00000433  CS_IRQHandler                 
00000433  DMA_ERR_IRQHandler            
00000433  DMA_INT0_IRQHandler           
00000433  DMA_INT1_IRQHandler           
00000433  DMA_INT2_IRQHandler           
00000433  DMA_INT3_IRQHandler           
00000433  DebugMon_Handler              
00000433  Default_Handler               
00000433  EUSCIA0_IRQHandler            
00000433  EUSCIA1_IRQHandler            
00000433  EUSCIA2_IRQHandler            
00000433  EUSCIA3_IRQHandler            
00000433  EUSCIB0_IRQHandler            
00000433  EUSCIB1_IRQHandler            
00000433  EUSCIB2_IRQHandler            
00000433  EUSCIB3_IRQHandler            
00000433  FLCTL_IRQHandler              
00000433  FPU_IRQHandler                
00000433  HardFault_Handler             
00000433  MemManage_Handler             
00000433  NMI_Handler                   
00000433  PCM_IRQHandler                
00000331  PORT1_IRQHandler              
00000331  PORT1_IRQHandler              
00000433  PORT2_IRQHandler              
00000433  PORT3_IRQHandler              
00000433  PORT4_IRQHandler              
00000433  PORT5_IRQHandler              
00000433  PORT6_IRQHandler              
00000433  PSS_IRQHandler                
00000433  PendSV_Handler                
00000433  RTC_C_IRQHandler              
0000041f  Reset_Handler                 
00000433  SVC_Handler                   
00000433  SysTick_Handler               
00000251  SystemInit                    
00000433  T32_INT1_IRQHandler           
00000433  T32_INT2_IRQHandler           
00000433  T32_INTC_IRQHandler           
00000433  TA0_0_IRQHandler              
00000433  TA0_N_IRQHandler              
00000433  TA1_0_IRQHandler              
00000433  TA1_N_IRQHandler              
00000433  TA2_0_IRQHandler              
00000433  TA2_N_IRQHandler              
00000433  TA3_0_IRQHandler              
00000433  TA3_N_IRQHandler              
00000433  UsageFault_Handler            
4000480c  WDTCTL_SYM                    
00000433  WDT_A_IRQHandler              
20010000  __STACK_END                   
00000200  __STACK_SIZE                  
0000045c  __TI_CINIT_Base               
00000464  __TI_CINIT_Limit              
00000454  __TI_Handler_Table_Base       
0000045c  __TI_Handler_Table_Limit      
00000395  __TI_auto_init_nobinit_nopinit
000002c9  __TI_decompress_lzss          
00000411  __TI_decompress_none          
ffffffff  __TI_pprof_out_hndl           
ffffffff  __TI_prof_data_size           
ffffffff  __TI_prof_data_start          
00000000  __TI_static_base__            
000001b5  __aeabi_memcpy                
000001b5  __aeabi_memcpy4               
000001b5  __aeabi_memcpy8               
ffffffff  __binit__                     
ffffffff  __c_args__                    
UNDEFED   __mpu_init                    
2000fe00  __stack                       
000003d9  _c_int00_noargs               
UNDEFED   _system_post_cinit            
0000042b  _system_pre_init              
0000042f  abort                         
ffffffff  binit                         
00000000  interruptVectors              
000000e5  main                          
000001b5  memcpy                        
20000000  pwmConfig                     


GLOBAL SYMBOLS: SORTED BY Symbol Address 

address   name                          
-------   ----                          
00000000  __TI_static_base__            
00000000  interruptVectors              
000000e5  main                          
000001b5  __aeabi_memcpy                
000001b5  __aeabi_memcpy4               
000001b5  __aeabi_memcpy8               
000001b5  memcpy                        
00000200  __STACK_SIZE                  
00000251  SystemInit                    
000002c9  __TI_decompress_lzss          
00000331  PORT1_IRQHandler              
00000331  PORT1_IRQHandler              
00000395  __TI_auto_init_nobinit_nopinit
000003d9  _c_int00_noargs               
00000411  __TI_decompress_none          
0000041f  Reset_Handler                 
0000042b  _system_pre_init              
0000042f  C$$EXIT                       
0000042f  abort                         
00000433  ADC14_IRQHandler              
00000433  AES256_IRQHandler             
00000433  BusFault_Handler              
00000433  COMP_E0_IRQHandler            
00000433  COMP_E1_IRQHandler            
00000433  CS_IRQHandler                 
00000433  DMA_ERR_IRQHandler            
00000433  DMA_INT0_IRQHandler           
00000433  DMA_INT1_IRQHandler           
00000433  DMA_INT2_IRQHandler           
00000433  DMA_INT3_IRQHandler           
00000433  DebugMon_Handler              
00000433  Default_Handler               
00000433  EUSCIA0_IRQHandler            
00000433  EUSCIA1_IRQHandler            
00000433  EUSCIA2_IRQHandler            
00000433  EUSCIA3_IRQHandler            
00000433  EUSCIB0_IRQHandler            
00000433  EUSCIB1_IRQHandler            
00000433  EUSCIB2_IRQHandler            
00000433  EUSCIB3_IRQHandler            
00000433  FLCTL_IRQHandler              
00000433  FPU_IRQHandler                
00000433  HardFault_Handler             
00000433  MemManage_Handler             
00000433  NMI_Handler                   
00000433  PCM_IRQHandler                
00000433  PORT2_IRQHandler              
00000433  PORT3_IRQHandler              
00000433  PORT4_IRQHandler              
00000433  PORT5_IRQHandler              
00000433  PORT6_IRQHandler              
00000433  PSS_IRQHandler                
00000433  PendSV_Handler                
00000433  RTC_C_IRQHandler              
00000433  SVC_Handler                   
00000433  SysTick_Handler               
00000433  T32_INT1_IRQHandler           
00000433  T32_INT2_IRQHandler           
00000433  T32_INTC_IRQHandler           
00000433  TA0_0_IRQHandler              
00000433  TA0_N_IRQHandler              
00000433  TA1_0_IRQHandler              
00000433  TA1_N_IRQHandler              
00000433  TA2_0_IRQHandler              
00000433  TA2_N_IRQHandler              
00000433  TA3_0_IRQHandler              
00000433  TA3_N_IRQHandler              
00000433  UsageFault_Handler            
00000433  WDT_A_IRQHandler              
00000454  __TI_Handler_Table_Base       
0000045c  __TI_CINIT_Base               
0000045c  __TI_Handler_Table_Limit      
00000464  __TI_CINIT_Limit              
20000000  pwmConfig                     
2000fe00  __stack                       
20010000  __STACK_END                   
4000480c  WDTCTL_SYM                    
ffffffff  __TI_pprof_out_hndl           
ffffffff  __TI_prof_data_size           
ffffffff  __TI_prof_data_start          
ffffffff  __binit__                     
ffffffff  __c_args__                    
ffffffff  binit                         
UNDEFED   __mpu_init                    
UNDEFED   _system_post_cinit            

[85 symbols]
